// Jest Snapshot v1, https://goo.gl/fbAQLP

exports[`App Components should render the component 1`] = `
<div
  className="APP"
>
  <div
    className="col-lg-10 offset-lg-1 col-md-10 col-sm-12 col-xs-12"
    style={
      Object {
        "marginTop": "80px",
      }
    }
  >
    <ReduxForm
      destroyOnUnmount={true}
      enableReinitialize={false}
      forceUnregisterOnUnmount={false}
      form="todo"
      getFormState={[Function]}
      keepDirtyOnReinitialize={false}
      onSubmit={[Function]}
      persistentSubmitErrors={false}
      pure={true}
      shouldAsyncValidate={[Function]}
      shouldError={[Function]}
      shouldValidate={[Function]}
      shouldWarn={[Function]}
      submitAsSideEffect={false}
      touchOnBlur={true}
      touchOnChange={false}
      updateUnregisteredFields={false}
    />
    <ConnectFunction />
  </div>
</div>
`;
